<fragment>
  <choose>
    <when condition="@(!(context.Variables.ContainsKey(&quot;oauthClientId&quot;) &amp;&amp; !string.IsNullOrEmpty((string)context.Variables[&quot;oauthClientId&quot;])))">
      <set-variable name="oauthClientId" value="@{ var authorization = context.Request.Headers.GetValueOrDefault(&quot;Authorization&quot;, &quot;&quot;); if (!string.IsNullOrEmpty(authorization) &amp;&amp; authorization.StartsWith(&quot;Bearer &quot;, StringComparison.OrdinalIgnoreCase)) { var jwt = authorization.Substring(7).AsJwt(); if (jwt != null &amp;&amp; jwt.Claims.ContainsKey(&quot;client_id&quot;)) { return jwt.Claims.GetValueOrDefault(&quot;client_id&quot;, &quot;&quot;); } } return &quot;&quot;; }" />
    </when>
  </choose>
  <choose>
    <when condition="@(!string.IsNullOrEmpty((string)context.Variables[&quot;oauthClientId&quot;]) &amp;&amp; ((context.Request.Method == &quot;GET&quot;) &amp;&amp; context.Request.Url.Path.StartsWith(&quot;/jwt&quot;, StringComparison.Ordinal) &amp;&amp; true))">
      <rate-limit-by-key calls="5" renewal-period="60" counter-key="@(&quot;dialogporten:jwt:client-id:&quot; + (string)context.Variables[&quot;oauthClientId&quot;])" retry-after-header-name="Retry-After" />
    </when>
  </choose>
</fragment>
